<?xml version="1.0" encoding="utf-8"?><testsuites name="pytest tests"><testsuite name="pytest" errors="7" failures="0" skipped="0" tests="7" time="3.067" timestamp="2025-10-16T22:30:17.063789-07:00" hostname="DNa1ca387.SUNet"><testcase classname="" name="tests.e2e.test_ocpp_e2e_flows" time="0.000"><error message="collection failure">tests/e2e/test_ocpp_e2e_flows.py:18: in &lt;module&gt;
    from src.websocket_handler.server import OCPPWebSocketServer
src/websocket_handler/server.py:16: in &lt;module&gt;
    from .connection_manager import ConnectionManager
src/websocket_handler/connection_manager.py:11: in &lt;module&gt;
    from .monitoring import get_logger
src/websocket_handler/monitoring.py:15: in &lt;module&gt;
    WEBSOCKET_CONNECTIONS = Gauge(
venv/lib/python3.13/site-packages/prometheus_client/metrics.py:376: in __init__
    super().__init__(
venv/lib/python3.13/site-packages/prometheus_client/metrics.py:132: in __init__
    registry.register(self)
venv/lib/python3.13/site-packages/prometheus_client/registry.py:43: in register
    raise ValueError(
E   ValueError: Duplicated timeseries in CollectorRegistry: {'websocket_connections_active'}</error></testcase><testcase classname="" name="tests.integration.test_cross_module_integration" time="0.000"><error message="collection failure">tests/integration/test_cross_module_integration.py:14: in &lt;module&gt;
    from src.websocket_handler.main import Application
src/websocket_handler/main.py:11: in &lt;module&gt;
    from .server import OCPPWebSocketServer
src/websocket_handler/server.py:16: in &lt;module&gt;
    from .connection_manager import ConnectionManager
src/websocket_handler/connection_manager.py:11: in &lt;module&gt;
    from .monitoring import get_logger
src/websocket_handler/monitoring.py:15: in &lt;module&gt;
    WEBSOCKET_CONNECTIONS = Gauge(
venv/lib/python3.13/site-packages/prometheus_client/metrics.py:376: in __init__
    super().__init__(
venv/lib/python3.13/site-packages/prometheus_client/metrics.py:132: in __init__
    registry.register(self)
venv/lib/python3.13/site-packages/prometheus_client/registry.py:43: in register
    raise ValueError(
E   ValueError: Duplicated timeseries in CollectorRegistry: {'websocket_connections_active'}</error></testcase><testcase classname="" name="tests.integration.test_database_integration" time="0.000"><error message="collection failure">tests/integration/test_database_integration.py:11: in &lt;module&gt;
    from src.websocket_handler.timescale_client import TimescaleClient
src/websocket_handler/timescale_client.py:14: in &lt;module&gt;
    from .monitoring import get_logger
src/websocket_handler/monitoring.py:15: in &lt;module&gt;
    WEBSOCKET_CONNECTIONS = Gauge(
venv/lib/python3.13/site-packages/prometheus_client/metrics.py:376: in __init__
    super().__init__(
venv/lib/python3.13/site-packages/prometheus_client/metrics.py:132: in __init__
    registry.register(self)
venv/lib/python3.13/site-packages/prometheus_client/registry.py:43: in register
    raise ValueError(
E   ValueError: Duplicated timeseries in CollectorRegistry: {'websocket_connections_active'}</error></testcase><testcase classname="" name="tests.integration.test_ocpp_protocol_integration" time="0.000"><error message="collection failure">tests/integration/test_ocpp_protocol_integration.py:13: in &lt;module&gt;
    from src.websocket_handler.server import OCPPWebSocketServer
src/websocket_handler/server.py:16: in &lt;module&gt;
    from .connection_manager import ConnectionManager
src/websocket_handler/connection_manager.py:11: in &lt;module&gt;
    from .monitoring import get_logger
src/websocket_handler/monitoring.py:15: in &lt;module&gt;
    WEBSOCKET_CONNECTIONS = Gauge(
venv/lib/python3.13/site-packages/prometheus_client/metrics.py:376: in __init__
    super().__init__(
venv/lib/python3.13/site-packages/prometheus_client/metrics.py:132: in __init__
    registry.register(self)
venv/lib/python3.13/site-packages/prometheus_client/registry.py:43: in register
    raise ValueError(
E   ValueError: Duplicated timeseries in CollectorRegistry: {'websocket_connections_active'}</error></testcase><testcase classname="" name="tests.integration.test_websocket_integration" time="0.000"><error message="collection failure">tests/integration/test_websocket_integration.py:13: in &lt;module&gt;
    from src.websocket_handler.server import OCPPWebSocketServer
src/websocket_handler/server.py:16: in &lt;module&gt;
    from .connection_manager import ConnectionManager
src/websocket_handler/connection_manager.py:11: in &lt;module&gt;
    from .monitoring import get_logger
src/websocket_handler/monitoring.py:15: in &lt;module&gt;
    WEBSOCKET_CONNECTIONS = Gauge(
venv/lib/python3.13/site-packages/prometheus_client/metrics.py:376: in __init__
    super().__init__(
venv/lib/python3.13/site-packages/prometheus_client/metrics.py:132: in __init__
    registry.register(self)
venv/lib/python3.13/site-packages/prometheus_client/registry.py:43: in register
    raise ValueError(
E   ValueError: Duplicated timeseries in CollectorRegistry: {'websocket_connections_active'}</error></testcase><testcase classname="" name="tests.load.test_performance_benchmarks" time="0.000"><error message="collection failure">tests/load/test_performance_benchmarks.py:15: in &lt;module&gt;
    from src.websocket_handler.server import OCPPWebSocketServer
src/websocket_handler/server.py:16: in &lt;module&gt;
    from .connection_manager import ConnectionManager
src/websocket_handler/connection_manager.py:11: in &lt;module&gt;
    from .monitoring import get_logger
src/websocket_handler/monitoring.py:15: in &lt;module&gt;
    WEBSOCKET_CONNECTIONS = Gauge(
venv/lib/python3.13/site-packages/prometheus_client/metrics.py:376: in __init__
    super().__init__(
venv/lib/python3.13/site-packages/prometheus_client/metrics.py:132: in __init__
    registry.register(self)
venv/lib/python3.13/site-packages/prometheus_client/registry.py:43: in register
    raise ValueError(
E   ValueError: Duplicated timeseries in CollectorRegistry: {'websocket_connections_active'}</error></testcase><testcase classname="" name="tests.security.test_security_compliance" time="0.000"><error message="collection failure">tests/security/test_security_compliance.py:24: in &lt;module&gt;
    from src.websocket_handler.server import OCPPWebSocketServer
src/websocket_handler/server.py:16: in &lt;module&gt;
    from .connection_manager import ConnectionManager
src/websocket_handler/connection_manager.py:11: in &lt;module&gt;
    from .monitoring import get_logger
src/websocket_handler/monitoring.py:15: in &lt;module&gt;
    WEBSOCKET_CONNECTIONS = Gauge(
venv/lib/python3.13/site-packages/prometheus_client/metrics.py:376: in __init__
    super().__init__(
venv/lib/python3.13/site-packages/prometheus_client/metrics.py:132: in __init__
    registry.register(self)
venv/lib/python3.13/site-packages/prometheus_client/registry.py:43: in register
    raise ValueError(
E   ValueError: Duplicated timeseries in CollectorRegistry: {'websocket_connections_active'}</error></testcase></testsuite></testsuites>